./user/ln.c
./user/mkdir.c
./user/ls.c
./user/freeze_test.c
./user/umalloc.c
./user/ulib.c
./user/init.c
./user/zombie.c
./user/grind.c
./user/grep.c
./user/printf.c
./user/stressfs.c
./user/usertests.c
./user/rm.c
./user/wc.c
./user/cat.c
./user/kill.c
./user/sh.c
./user/echo.c
./user/forktest.c
./mkfs/mkfs.c
./kernel/console.c
./kernel/log.c
./kernel/bio.c
./kernel/proc.c
./kernel/trap.c
./kernel/vm.c
./kernel/sysproc.c
./kernel/main.c
./kernel/plic.c
./kernel/kalloc.c
./kernel/printf.c
./kernel/virtio_disk.c
./kernel/fs.c
./kernel/syscall.c
./kernel/start.c
./kernel/sysfile.c
./kernel/sleeplock.c
./kernel/uart.c
./kernel/string.c
./kernel/file.c
./kernel/spinlock.c
./kernel/exec.c
./kernel/pipe.c
./user/user.h
./kernel/fcntl.h
./kernel/types.h
./kernel/file.h
./kernel/buf.h
./kernel/syscall.h
./kernel/defs.h
./kernel/proc.h
./kernel/param.h
./kernel/spinlock.h
./kernel/stat.h
./kernel/fs.h
./kernel/memlayout.h
./kernel/virtio.h
./kernel/sleeplock.h
./kernel/riscv.h
./kernel/elf.h
